
Discarded input sections

 .text          0x00000000       0x14 ./user/startup_stm32f10x_md.o
 .data          0x00000000        0x0 ./user/startup_stm32f10x_md.o
 .bss           0x00000000        0x0 ./user/startup_stm32f10x_md.o
 .data          0x00000000        0x0 ./user/main.o
 .bss           0x00000000        0x0 ./user/main.o

Memory Configuration

Name             Origin             Length             Attributes
flash            0x08000000         0x00010000         xr
ram              0x20000000         0x00005000         xrw
*default*        0x00000000         0xffffffff

Linker script and memory map

LOAD ./user/startup_stm32f10x_md.o
LOAD ./user/main.o
START GROUP
LOAD c:/program files (x86)/gnu arm embedded toolchain/10 2021.10/bin/../lib/gcc/arm-none-eabi/10.3.1/thumb/v7-m/nofp\libgcc.a
LOAD c:/program files (x86)/gnu arm embedded toolchain/10 2021.10/bin/../lib/gcc/arm-none-eabi/10.3.1/../../../../arm-none-eabi/lib/thumb/v7-m/nofp\libg.a
LOAD c:/program files (x86)/gnu arm embedded toolchain/10 2021.10/bin/../lib/gcc/arm-none-eabi/10.3.1/../../../../arm-none-eabi/lib/thumb/v7-m/nofp\libc.a
END GROUP
                0x00000000                _heap_size = 0x0
                0x00000000                _stack_size = 0x0
                0x20005000                _estack = (ORIGIN (ram) + LENGTH (ram))

.isr_vector     0x08000000      0x10c
                0x08000000                __isr_vector_start__ = .
 *(.isr_vector)
 .isr_vector    0x08000000      0x10c ./user/startup_stm32f10x_md.o
                0x08000000                g_pfnVectors
                0x00000001                ASSERT ((. != __isr_vector_start__), The .isr_vector section is empty)

.text           0x0800010c       0xa8
                0x0800010c                . = ALIGN (0x4)
                0x0800010c                _stext = .
 *(.text*)
 .text.Reset_Handler
                0x0800010c       0x40 ./user/startup_stm32f10x_md.o
                0x0800010c                Reset_Handler
 .text.Default_Handler
                0x0800014c        0x2 ./user/startup_stm32f10x_md.o
                0x0800014c                EXTI2_IRQHandler
                0x0800014c                DebugMon_Handler
                0x0800014c                TIM1_CC_IRQHandler
                0x0800014c                HardFault_Handler
                0x0800014c                SysTick_Handler
                0x0800014c                PVD_IRQHandler
                0x0800014c                PendSV_Handler
                0x0800014c                NMI_Handler
                0x0800014c                EXTI3_IRQHandler
                0x0800014c                EXTI0_IRQHandler
                0x0800014c                I2C2_EV_IRQHandler
                0x0800014c                UsageFault_Handler
                0x0800014c                ADC1_2_IRQHandler
                0x0800014c                SPI1_IRQHandler
                0x0800014c                TAMPER_IRQHandler
                0x0800014c                DMA1_Channel4_IRQHandler
                0x0800014c                USART3_IRQHandler
                0x0800014c                RTC_IRQHandler
                0x0800014c                DMA1_Channel7_IRQHandler
                0x0800014c                CAN1_RX1_IRQHandler
                0x0800014c                TIM4_IRQHandler
                0x0800014c                I2C1_EV_IRQHandler
                0x0800014c                DMA1_Channel6_IRQHandler
                0x0800014c                TIM3_IRQHandler
                0x0800014c                RCC_IRQHandler
                0x0800014c                TIM1_TRG_COM_IRQHandler
                0x0800014c                DMA1_Channel1_IRQHandler
                0x0800014c                Default_Handler
                0x0800014c                EXTI15_10_IRQHandler
                0x0800014c                EXTI9_5_IRQHandler
                0x0800014c                SPI2_IRQHandler
                0x0800014c                MemManage_Handler
                0x0800014c                SVC_Handler
                0x0800014c                DMA1_Channel5_IRQHandler
                0x0800014c                EXTI4_IRQHandler
                0x0800014c                USB_LP_CAN1_RX0_IRQHandler
                0x0800014c                USB_HP_CAN1_TX_IRQHandler
                0x0800014c                DMA1_Channel3_IRQHandler
                0x0800014c                TIM1_UP_IRQHandler
                0x0800014c                WWDG_IRQHandler
                0x0800014c                TIM2_IRQHandler
                0x0800014c                TIM1_BRK_IRQHandler
                0x0800014c                EXTI1_IRQHandler
                0x0800014c                RTCAlarm_IRQHandler
                0x0800014c                USART2_IRQHandler
                0x0800014c                I2C2_ER_IRQHandler
                0x0800014c                DMA1_Channel2_IRQHandler
                0x0800014c                CAN1_SCE_IRQHandler
                0x0800014c                FLASH_IRQHandler
                0x0800014c                BusFault_Handler
                0x0800014c                USART1_IRQHandler
                0x0800014c                I2C1_ER_IRQHandler
                0x0800014c                USBWakeUp_IRQHandler
 *fill*         0x0800014e        0x2 
 .text          0x08000150       0x38 ./user/main.o
                0x08000150                delay
                0x08000162                GPIOB_ConfigPin15AsOutput
 .text.startup  0x08000188       0x2c ./user/main.o
                0x08000188                main
 *(.rodata*)
 *(.init)
 *(.fini)
                0x080001b4                . = ALIGN (0x4)
                0x080001b4                _etext = .

.glue_7         0x080001b4        0x0
 .glue_7        0x080001b4        0x0 linker stubs

.glue_7t        0x080001b4        0x0
 .glue_7t       0x080001b4        0x0 linker stubs

.vfp11_veneer   0x080001b4        0x0
 .vfp11_veneer  0x080001b4        0x0 linker stubs

.v4_bx          0x080001b4        0x0
 .v4_bx         0x080001b4        0x0 linker stubs

.iplt           0x080001b4        0x0
 .iplt          0x080001b4        0x0 ./user/startup_stm32f10x_md.o

.rel.dyn        0x080001b4        0x0
 .rel.iplt      0x080001b4        0x0 ./user/startup_stm32f10x_md.o

.ARM.extab
 *(.ARM.extab*)

.ARM.exidx
 *(.ARM.exidx*)

.preinit_array  0x080001b4        0x0
                [!provide]                PROVIDE (__preinit_array_start = .)
 *(.preinit_array*)
                [!provide]                PROVIDE (__preinit_array_end = .)

.init_array     0x080001b4        0x0
                [!provide]                PROVIDE (__init_array_start = .)
 *(SORT_BY_NAME(.init_array.*))
 *(.init_array*)
                [!provide]                PROVIDE (__init_array_end = .)

.fini_array     0x080001b4        0x0
                [!provide]                PROVIDE (__fini_array_start = .)
 *(SORT_BY_NAME(.fini_array.*))
 *(.fini_array*)
                [!provide]                PROVIDE (__fini_array_end = .)
                0x080001b4                _sidata = .

.data           0x20000000        0x0 load address 0x080001b4
                0x20000000                . = ALIGN (0x4)
                0x20000000                _sdata = .
 *(.data*)
                0x20000000                . = ALIGN (0x4)
                0x20000000                _edata = .

.igot.plt       0x20000000        0x0
 .igot.plt      0x20000000        0x0 ./user/startup_stm32f10x_md.o

.bss            0x20000000        0x0
                0x20000000                . = ALIGN (0x4)
                0x20000000                _sbss = .
 *(.bss*)
 *(COMMON)
                0x20000000                . = ALIGN (0x4)
                0x20000000                _ebss = .

._heap          0x20000000        0x0
                0x20000000                . = ALIGN (0x4)
                0x20000000                . = (. + _heap_size)
                0x20000000                . = ALIGN (0x4)

._stack         0x20000000        0x0
                0x20000000                . = ALIGN (0x4)
                0x20000000                . = (. + _stack_size)
                0x20000000                . = ALIGN (0x4)
                0x0000010c                __isr_vector_size__ = SIZEOF (.isr_vector)
                0x000000a8                __text_size__ = SIZEOF (.text)
                0x00000000                __data_size__ = SIZEOF (.data)
                0x00000000                __bss_size__ = SIZEOF (.bss)
OUTPUT(stm32f10x_project.elf elf32-littlearm)
LOAD linker stubs

.ARM.attributes
                0x00000000       0x2f
 .ARM.attributes
                0x00000000       0x21 ./user/startup_stm32f10x_md.o
 .ARM.attributes
                0x00000021       0x2d ./user/main.o

.comment        0x00000000       0x49
 .comment       0x00000000       0x49 ./user/main.o
                                 0x4a (size before relaxing)

.debug_line     0x00000000      0x162
 .debug_line    0x00000000       0x75 ./user/startup_stm32f10x_md.o
 .debug_line    0x00000075       0xed ./user/main.o

.debug_info     0x00000000      0x10e
 .debug_info    0x00000000       0x22 ./user/startup_stm32f10x_md.o
 .debug_info    0x00000022       0xec ./user/main.o

.debug_abbrev   0x00000000       0xd8
 .debug_abbrev  0x00000000       0x12 ./user/startup_stm32f10x_md.o
 .debug_abbrev  0x00000012       0xc6 ./user/main.o

.debug_aranges  0x00000000       0x50
 .debug_aranges
                0x00000000       0x28 ./user/startup_stm32f10x_md.o
 .debug_aranges
                0x00000028       0x28 ./user/main.o

.debug_str      0x00000000      0x132
 .debug_str     0x00000000       0x51 ./user/startup_stm32f10x_md.o
 .debug_str     0x00000051       0xe1 ./user/main.o
                                0x115 (size before relaxing)

.debug_ranges   0x00000000       0x38
 .debug_ranges  0x00000000       0x20 ./user/startup_stm32f10x_md.o
 .debug_ranges  0x00000020       0x18 ./user/main.o

.debug_loc      0x00000000       0x9e
 .debug_loc     0x00000000       0x9e ./user/main.o

.debug_frame    0x00000000       0x50
 .debug_frame   0x00000000       0x50 ./user/main.o

Cross Reference Table

Symbol                                            File
ADC1_2_IRQHandler                                 ./user/startup_stm32f10x_md.o
BusFault_Handler                                  ./user/startup_stm32f10x_md.o
CAN1_RX1_IRQHandler                               ./user/startup_stm32f10x_md.o
CAN1_SCE_IRQHandler                               ./user/startup_stm32f10x_md.o
DMA1_Channel1_IRQHandler                          ./user/startup_stm32f10x_md.o
DMA1_Channel2_IRQHandler                          ./user/startup_stm32f10x_md.o
DMA1_Channel3_IRQHandler                          ./user/startup_stm32f10x_md.o
DMA1_Channel4_IRQHandler                          ./user/startup_stm32f10x_md.o
DMA1_Channel5_IRQHandler                          ./user/startup_stm32f10x_md.o
DMA1_Channel6_IRQHandler                          ./user/startup_stm32f10x_md.o
DMA1_Channel7_IRQHandler                          ./user/startup_stm32f10x_md.o
DebugMon_Handler                                  ./user/startup_stm32f10x_md.o
Default_Handler                                   ./user/startup_stm32f10x_md.o
EXTI0_IRQHandler                                  ./user/startup_stm32f10x_md.o
EXTI15_10_IRQHandler                              ./user/startup_stm32f10x_md.o
EXTI1_IRQHandler                                  ./user/startup_stm32f10x_md.o
EXTI2_IRQHandler                                  ./user/startup_stm32f10x_md.o
EXTI3_IRQHandler                                  ./user/startup_stm32f10x_md.o
EXTI4_IRQHandler                                  ./user/startup_stm32f10x_md.o
EXTI9_5_IRQHandler                                ./user/startup_stm32f10x_md.o
FLASH_IRQHandler                                  ./user/startup_stm32f10x_md.o
GPIOB_ConfigPin15AsOutput                         ./user/main.o
HardFault_Handler                                 ./user/startup_stm32f10x_md.o
I2C1_ER_IRQHandler                                ./user/startup_stm32f10x_md.o
I2C1_EV_IRQHandler                                ./user/startup_stm32f10x_md.o
I2C2_ER_IRQHandler                                ./user/startup_stm32f10x_md.o
I2C2_EV_IRQHandler                                ./user/startup_stm32f10x_md.o
MemManage_Handler                                 ./user/startup_stm32f10x_md.o
NMI_Handler                                       ./user/startup_stm32f10x_md.o
PVD_IRQHandler                                    ./user/startup_stm32f10x_md.o
PendSV_Handler                                    ./user/startup_stm32f10x_md.o
RCC_IRQHandler                                    ./user/startup_stm32f10x_md.o
RTCAlarm_IRQHandler                               ./user/startup_stm32f10x_md.o
RTC_IRQHandler                                    ./user/startup_stm32f10x_md.o
Reset_Handler                                     ./user/startup_stm32f10x_md.o
SPI1_IRQHandler                                   ./user/startup_stm32f10x_md.o
SPI2_IRQHandler                                   ./user/startup_stm32f10x_md.o
SVC_Handler                                       ./user/startup_stm32f10x_md.o
SysTick_Handler                                   ./user/startup_stm32f10x_md.o
TAMPER_IRQHandler                                 ./user/startup_stm32f10x_md.o
TIM1_BRK_IRQHandler                               ./user/startup_stm32f10x_md.o
TIM1_CC_IRQHandler                                ./user/startup_stm32f10x_md.o
TIM1_TRG_COM_IRQHandler                           ./user/startup_stm32f10x_md.o
TIM1_UP_IRQHandler                                ./user/startup_stm32f10x_md.o
TIM2_IRQHandler                                   ./user/startup_stm32f10x_md.o
TIM3_IRQHandler                                   ./user/startup_stm32f10x_md.o
TIM4_IRQHandler                                   ./user/startup_stm32f10x_md.o
USART1_IRQHandler                                 ./user/startup_stm32f10x_md.o
USART2_IRQHandler                                 ./user/startup_stm32f10x_md.o
USART3_IRQHandler                                 ./user/startup_stm32f10x_md.o
USBWakeUp_IRQHandler                              ./user/startup_stm32f10x_md.o
USB_HP_CAN1_TX_IRQHandler                         ./user/startup_stm32f10x_md.o
USB_LP_CAN1_RX0_IRQHandler                        ./user/startup_stm32f10x_md.o
UsageFault_Handler                                ./user/startup_stm32f10x_md.o
WWDG_IRQHandler                                   ./user/startup_stm32f10x_md.o
_ebss                                             ./user/startup_stm32f10x_md.o
_edata                                            ./user/startup_stm32f10x_md.o
_estack                                           ./user/startup_stm32f10x_md.o
_sbss                                             ./user/startup_stm32f10x_md.o
_sdata                                            ./user/startup_stm32f10x_md.o
_sidata                                           ./user/startup_stm32f10x_md.o
delay                                             ./user/main.o
g_pfnVectors                                      ./user/startup_stm32f10x_md.o
main                                              ./user/main.o
                                                  ./user/startup_stm32f10x_md.o
